To honour the JVM settings for this build a single-use Daemon process will be forked. For more on this, please refer to https://docs.gradle.org/8.13/userguide/gradle_daemon.html#sec:disabling_the_daemon in the Gradle documentation.
Daemon will be stopped at the end of the build 
Calculating task graph as no cached configuration is available for tasks: compileDebugKotlin
.\gradlew : 
所在位置 行:1 字符: 1
+ .\gradlew compileDeb
ugKotlin --no-daemon 2
>&1 | Out-File -FilePa
th co ...
+ ~~~~~~~~~~~~~~~~~~~~
~~~~~~~~~~~~~~~~~~~~~~
~~~
    + CategoryInfo    
          : NotSpeci  
  fied: (:String) [   
 ], RemoteExceptio    
n
    + FullyQualifiedE 
   rrorId : NativeCo  
  mmandError
 
FAILURE: Build failed 
with an exception.

* What went wrong:
25.0.1

* Try:
> Run with --stacktrac
e option to get the st
ack trace.
> Run with --info or -
-debug option to get m
ore log output.
> Run with --scan to g
et full insights.
> Get more help at htt
ps://help.gradle.org.

BUILD FAILED in 4s
Configuration cache entry stored.
